>>> from 5_text_indentation import text_indentation
>>> text_indentation("Hello. How are you? I am fine: thank you.")
Hello.

How are you?

I am fine:

thank you.
>>> text_indentation("This is a test. This is only a test?")
This is a test.

This is only a test?

>>> text_indentation("No punctuation here")
No punctuation here
>>> text_indentation(123)
Traceback (most recent call last):
    ...
TypeError: text must be a string
>>> text_indentation("Hello: World. How are you?")
Hello:

World.

How are you?
